// Jest Snapshot v1, https://goo.gl/fbAQLP

exports[`Characters component renders Characters 1`] = `
<ul>
  <li
    key="Me"
  >
    <Character
      character={
        Object {
          "age": "20",
          "name": "Me",
          "species": "Dog",
          "status": "Dead",
        }
      }
    />
  </li>
  <li
    key="You"
  >
    <Character
      character={
        Object {
          "age": "10",
          "name": "You",
          "species": "Dog",
          "status": "Alive",
        }
      }
    />
  </li>
</ul>
`;
